2026/06/02 19:52:44 [notice] 1#1: using the "epoll" event method
2026/06/02 19:52:44 [notice] 1#1: nginx/1.31.1
2026/06/02 19:52:44 [notice] 1#1: built by gcc 14.2.0 (Debian 14.2.0-19) 
2026/06/02 19:52:44 [notice] 1#1: OS: Linux 5.15.167.4-microsoft-standard-WSL2
2026/06/02 19:52:44 [notice] 1#1: getrlimit(RLIMIT_NOFILE): 1048576:1048576
2026/06/02 19:52:44 [notice] 1#1: start worker processes
2026/06/02 19:52:44 [notice] 1#1: start worker process 29
2026/06/02 19:52:44 [notice] 1#1: start worker process 30
2026/06/02 19:52:44 [notice] 1#1: start worker process 31
2026/06/02 19:52:44 [notice] 1#1: start worker process 32
2026/06/02 19:52:44 [notice] 1#1: start worker process 33
2026/06/02 19:52:44 [notice] 1#1: start worker process 34
2026/06/02 19:52:44 [notice] 1#1: start worker process 35
2026/06/02 19:52:44 [notice] 1#1: start worker process 36
2026/06/02 19:52:44 [notice] 1#1: start worker process 37
2026/06/02 19:52:44 [notice] 1#1: start worker process 38
2026/06/02 19:52:44 [notice] 1#1: start worker process 39
2026/06/02 19:52:44 [notice] 1#1: start worker process 40
2026/06/02 19:55:25 [notice] 1#1: signal 17 (SIGCHLD) received from 90
2026/06/02 19:55:25 [notice] 1#1: unknown process 90 exited with code 0
